<p>This is a markdown dummy file for testing</p>
<h1 id="header-1">Header 1</h1>
<p>text <em>italics</em> <strong>bold</strong></p>
<pre class="sourceCode python"><code class="sourceCode python"><span class="kw">for</span> f in files:
    <span class="dt">print</span>(f)</code></pre>
<h2 id="header2" class="withclass">Header2</h2>
